// Jest Snapshot v1, https://goo.gl/fbAQLP

exports[`Test al cliente Es Lucas 1`] = `
{
  "balance": 50,
  "nombre": "Lucas",
  "tipo": "Normal",
}
`;
